// Jest Snapshot v1, https://goo.gl/fbAQLP

exports[`Footer Component renders the component 1`] = `<Footer />`;
